// Jest Snapshot v1, https://goo.gl/fbAQLP

exports[`test @subscription 1`] = `
<div>
  floway
</div>
`;
